******************************************************************************
                  TI ARM Linker PC v19.6.0                     
******************************************************************************
>> Linked Wed Sep 18 22:06:40 2019

OUTPUT FILE NAME:   <uart_pc_echo_12mhz_brclk_MSP_EXP432P401R_nortos_ccs.out>
ENTRY POINT SYMBOL: "_c_int00_noargs"  address: 000006a5


MEMORY CONFIGURATION

         name            origin    length      used     unused   attr    fill
----------------------  --------  ---------  --------  --------  ----  --------
  MAIN                  00000000   00040000  00000816  0003f7ea  R  X
  INFO                  00200000   00004000  00000000  00004000  R  X
  SRAM_CODE             01000000   00010000  00000253  0000fdad  RW X
  SRAM_DATA             20000000   00010000  00000253  0000fdad  RW  


SEGMENT ALLOCATION MAP

run origin  load origin   length   init length attrs members
----------  ----------- ---------- ----------- ----- -------
00000000    00000000    00000818   00000818    r-x
  00000000    00000000    000000e4   000000e4    r-- .intvecs
  000000e4    000000e4    000006a6   000006a6    r-x .text
  0000078c    0000078c    0000005c   0000005c    r-- .const
  000007e8    000007e8    00000030   00000030    r-- .cinit
20000000    20000000    00000053   00000000    rw-
  20000000    20000000    00000051   00000000    rw- .bss
  20000051    20000051    00000002   00000000    rw- .data
2000fe00    2000fe00    00000200   00000000    rw-
  2000fe00    2000fe00    00000200   00000000    rw- .stack


SECTION ALLOCATION MAP

 output                                  attributes/
section   page    origin      length       input sections
--------  ----  ----------  ----------   ----------------
.intvecs   0    00000000    000000e4     
                  00000000    000000e4     startup_msp432p401r_ccs.obj (.intvecs:retain)

.text      0    000000e4    000006a6     
                  000000e4    00000168     printf.obj (.text:printf)
                  0000024c    000000d4     uart_pc_echo_12mhz_brclk.obj (.text:main)
                  00000320    000000bc     uart_pc_echo_12mhz_brclk.obj (.text:EUSCIA2_IRQHandler)
                  000003dc    0000009c     rtsv7M4_T_le_v4SPD16_eabi.lib : memcpy_t2.asm.obj (.text)
                  00000478    0000007c     printf.obj (.text:xtoa)
                  000004f4    00000078     system_msp432p401r.obj (.text:SystemInit)
                  0000056c    00000068     rtsv7M4_T_le_v4SPD16_eabi.lib : copy_decompress_lzss.c.obj (.text:decompress:lzss:__TI_decompress_lzss)
                  000005d4    00000058     uart_pc_echo_12mhz_brclk.obj (.text:EUSCIA0_IRQHandler)
                  0000062c    00000044     rtsv7M4_T_le_v4SPD16_eabi.lib : autoinit.c.obj (.text:__TI_auto_init_nobinit_nopinit:__TI_auto_init_nobinit_nopinit)
                  00000670    00000034     msp432p4xx_driverlib.lib : cs.o (.text:CS_setDCOCenteredFrequency)
                  000006a4    00000034     rtsv7M4_T_le_v4SPD16_eabi.lib : boot_cortex_m.c.obj (.text:_c_int00_noargs:_c_int00_noargs)
                  000006d8    00000024     printf.obj (.text:puts)
                  000006fc    00000020     printf.obj (.text:sendByte)
                  0000071c    0000001c     rtsv7M4_T_le_v4SPD16_eabi.lib : copy_zero_init.c.obj (.text:decompress:ZI:__TI_zero_init_nomemset:__TI_zero_init_nomemset)
                  00000738    0000001c     printf.obj (.text:puth)
                  00000754    00000012     printf.obj (.text:putc)
                  00000766    0000000e     rtsv7M4_T_le_v4SPD16_eabi.lib : copy_decompress_none.c.obj (.text:decompress:none:__TI_decompress_none)
                  00000774    0000000c     startup_msp432p401r_ccs.obj (.text:Reset_Handler)
                  00000780    00000004     rtsv7M4_T_le_v4SPD16_eabi.lib : pre_init.c.obj (.text:_system_pre_init)
                  00000784    00000004                                   : exit.c.obj (.text:abort:abort)
                  00000788    00000002     startup_msp432p401r_ccs.obj (.text:Default_Handler)

.const     0    0000078c    0000005c     
                  0000078c    00000028     printf.obj (.const:dv)
                  000007b4    00000024     uart_pc_echo_12mhz_brclk.obj (.const:uartConfig)
                  000007d8    00000010     printf.obj (.const:.string:hex$1)

.cinit     0    000007e8    00000030     
                  000007e8    0000000c     (__TI_handler_table)
                  000007f4    00000004     --HOLE-- [fill = 0]
                  000007f8    00000008     (.cinit..bss.load) [load image, compression = zero_init]
                  00000800    00000006     (.cinit..data.load) [load image, compression = lzss]
                  00000806    00000002     --HOLE-- [fill = 0]
                  00000808    00000010     (__TI_cinit_table)

.init_array 
*          0    00000000    00000000     UNINITIALIZED

.binit     0    00000000    00000000     

.bss       0    20000000    00000051     UNINITIALIZED
                  20000000    00000050     (.common:rxBuffer)
                  20000050    00000001     (.common:RXData)

.data      0    20000051    00000002     UNINITIALIZED
                  20000051    00000002     uart_pc_echo_12mhz_brclk.obj (.data)

.stack     0    2000fe00    00000200     UNINITIALIZED
                  2000fe00    00000004     rtsv7M4_T_le_v4SPD16_eabi.lib : boot_cortex_m.c.obj (.stack)
                  2000fe04    000001fc     --HOLE--

__llvm_prf_cnts 
*          0    20000000    00000000     UNINITIALIZED

MODULE SUMMARY

       Module                         code   ro data   rw data
       ------                         ----   -------   -------
    .\
       uart_pc_echo_12mhz_brclk.obj   488    36        166    
       printf.obj                     598    56        0      
       system_msp432p401r.obj         120    0         0      
    +--+------------------------------+------+---------+---------+
       Total:                         1206   92        166    
                                                              
    .\ccs\
       startup_msp432p401r_ccs.obj    14     228       0      
    +--+------------------------------+------+---------+---------+
       Total:                         14     228       0      
                                                              
    C:/ti/Simple/simplelink_msp432p4_sdk_3_20_00_06/source/ti/devices/msp432p4xx/driverlib/ccs/msp432p4xx_driverlib.lib
       cs.o                           52     0         0      
    +--+------------------------------+------+---------+---------+
       Total:                         52     0         0      
                                                              
    C:\ti\ccs910\ccs\tools\compiler\ti-cgt-arm_19.6.0.STS\lib\rtsv7M4_T_le_v4SPD16_eabi.lib
       memcpy_t2.asm.obj              156    0         0      
       copy_decompress_lzss.c.obj     104    0         0      
       autoinit.c.obj                 68     0         0      
       boot_cortex_m.c.obj            52     0         0      
       copy_zero_init.c.obj           28     0         0      
       copy_decompress_none.c.obj     14     0         0      
       exit.c.obj                     4      0         0      
       pre_init.c.obj                 4      0         0      
    +--+------------------------------+------+---------+---------+
       Total:                         430    0         0      
                                                              
       Stack:                         0      0         1024   
       Linker Generated:              0      42        0      
    +--+------------------------------+------+---------+---------+
       Grand Total:                   1702   362       1190   


LINKER GENERATED COPY TABLES

__TI_cinit_table @ 00000808 records: 2, size/record: 8, table size: 16
	.bss: load addr=000007f8, load size=00000008 bytes, run addr=20000000, run size=00000051 bytes, compression=zero_init
	.data: load addr=00000800, load size=00000006 bytes, run addr=20000051, run size=00000002 bytes, compression=lzss


LINKER GENERATED HANDLER TABLE

__TI_handler_table @ 000007e8 records: 3, size/record: 4, table size: 12
	index: 0, handler: __TI_decompress_lzss
	index: 1, handler: __TI_decompress_none
	index: 2, handler: __TI_zero_init


GLOBAL SYMBOLS: SORTED ALPHABETICALLY BY Name 

address   name                          
-------   ----                          
00000789  ADC14_IRQHandler              
00000789  AES256_IRQHandler             
00000789  BusFault_Handler              
00000785  C$$EXIT                       
00000789  COMP_E0_IRQHandler            
00000789  COMP_E1_IRQHandler            
00000789  CS_IRQHandler                 
00000671  CS_setDCOCenteredFrequency    
00000789  DMA_ERR_IRQHandler            
00000789  DMA_INT0_IRQHandler           
00000789  DMA_INT1_IRQHandler           
00000789  DMA_INT2_IRQHandler           
00000789  DMA_INT3_IRQHandler           
00000789  DebugMon_Handler              
00000789  Default_Handler               
000005d5  EUSCIA0_IRQHandler            
000005d5  EUSCIA0_IRQHandler            
00000789  EUSCIA1_IRQHandler            
00000321  EUSCIA2_IRQHandler            
00000321  EUSCIA2_IRQHandler            
00000789  EUSCIA3_IRQHandler            
00000789  EUSCIB0_IRQHandler            
00000789  EUSCIB1_IRQHandler            
00000789  EUSCIB2_IRQHandler            
00000789  EUSCIB3_IRQHandler            
00000789  FLCTL_IRQHandler              
00000789  FPU_IRQHandler                
00000789  HardFault_Handler             
00000789  MemManage_Handler             
00000789  NMI_Handler                   
00000789  PCM_IRQHandler                
00000789  PORT1_IRQHandler              
00000789  PORT2_IRQHandler              
00000789  PORT3_IRQHandler              
00000789  PORT4_IRQHandler              
00000789  PORT5_IRQHandler              
00000789  PORT6_IRQHandler              
00000789  PSS_IRQHandler                
00000789  PendSV_Handler                
00000789  RTC_C_IRQHandler              
20000050  RXData                        
00000775  Reset_Handler                 
00000789  SVC_Handler                   
00000789  SysTick_Handler               
000004f5  SystemInit                    
00000789  T32_INT1_IRQHandler           
00000789  T32_INT2_IRQHandler           
00000789  T32_INTC_IRQHandler           
00000789  TA0_0_IRQHandler              
00000789  TA0_N_IRQHandler              
00000789  TA1_0_IRQHandler              
00000789  TA1_N_IRQHandler              
00000789  TA2_0_IRQHandler              
00000789  TA2_N_IRQHandler              
00000789  TA3_0_IRQHandler              
00000789  TA3_N_IRQHandler              
00000789  UsageFault_Handler            
4000480c  WDTCTL_SYM                    
00000789  WDT_A_IRQHandler              
20010000  __STACK_END                   
00000200  __STACK_SIZE                  
00000808  __TI_CINIT_Base               
00000818  __TI_CINIT_Limit              
000007e8  __TI_Handler_Table_Base       
000007f4  __TI_Handler_Table_Limit      
0000062d  __TI_auto_init_nobinit_nopinit
0000056d  __TI_decompress_lzss          
00000767  __TI_decompress_none          
ffffffff  __TI_pprof_out_hndl           
ffffffff  __TI_prof_data_size           
ffffffff  __TI_prof_data_start          
00000000  __TI_static_base__            
0000071d  __TI_zero_init_nomemset       
000003dd  __aeabi_memcpy                
000003dd  __aeabi_memcpy4               
000003dd  __aeabi_memcpy8               
ffffffff  __binit__                     
ffffffff  __c_args__                    
UNDEFED   __mpu_init                    
2000fe00  __stack                       
20000000  __start___llvm_prf_cnts       
20000000  __stop___llvm_prf_cnts        
000006a5  _c_int00_noargs               
UNDEFED   _system_post_cinit            
00000781  _system_pre_init              
00000785  abort                         
ffffffff  binit                         
00000000  interruptVectors              
0000024d  main                          
000003dd  memcpy                        
000000e5  printf                        
00000755  putc                          
000006d9  puts                          
20000000  rxBuffer                      
20000051  rxWriteIndex                  
000006fd  sendByte                      
000007b4  uartConfig                    
20000052  writeData                     


GLOBAL SYMBOLS: SORTED BY Symbol Address 

address   name                          
-------   ----                          
00000000  __TI_static_base__            
00000000  interruptVectors              
000000e5  printf                        
00000200  __STACK_SIZE                  
0000024d  main                          
00000321  EUSCIA2_IRQHandler            
00000321  EUSCIA2_IRQHandler            
000003dd  __aeabi_memcpy                
000003dd  __aeabi_memcpy4               
000003dd  __aeabi_memcpy8               
000003dd  memcpy                        
000004f5  SystemInit                    
0000056d  __TI_decompress_lzss          
000005d5  EUSCIA0_IRQHandler            
000005d5  EUSCIA0_IRQHandler            
0000062d  __TI_auto_init_nobinit_nopinit
00000671  CS_setDCOCenteredFrequency    
000006a5  _c_int00_noargs               
000006d9  puts                          
000006fd  sendByte                      
0000071d  __TI_zero_init_nomemset       
00000755  putc                          
00000767  __TI_decompress_none          
00000775  Reset_Handler                 
00000781  _system_pre_init              
00000785  C$$EXIT                       
00000785  abort                         
00000789  ADC14_IRQHandler              
00000789  AES256_IRQHandler             
00000789  BusFault_Handler              
00000789  COMP_E0_IRQHandler            
00000789  COMP_E1_IRQHandler            
00000789  CS_IRQHandler                 
00000789  DMA_ERR_IRQHandler            
00000789  DMA_INT0_IRQHandler           
00000789  DMA_INT1_IRQHandler           
00000789  DMA_INT2_IRQHandler           
00000789  DMA_INT3_IRQHandler           
00000789  DebugMon_Handler              
00000789  Default_Handler               
00000789  EUSCIA1_IRQHandler            
00000789  EUSCIA3_IRQHandler            
00000789  EUSCIB0_IRQHandler            
00000789  EUSCIB1_IRQHandler            
00000789  EUSCIB2_IRQHandler            
00000789  EUSCIB3_IRQHandler            
00000789  FLCTL_IRQHandler              
00000789  FPU_IRQHandler                
00000789  HardFault_Handler             
00000789  MemManage_Handler             
00000789  NMI_Handler                   
00000789  PCM_IRQHandler                
00000789  PORT1_IRQHandler              
00000789  PORT2_IRQHandler              
00000789  PORT3_IRQHandler              
00000789  PORT4_IRQHandler              
00000789  PORT5_IRQHandler              
00000789  PORT6_IRQHandler              
00000789  PSS_IRQHandler                
00000789  PendSV_Handler                
00000789  RTC_C_IRQHandler              
00000789  SVC_Handler                   
00000789  SysTick_Handler               
00000789  T32_INT1_IRQHandler           
00000789  T32_INT2_IRQHandler           
00000789  T32_INTC_IRQHandler           
00000789  TA0_0_IRQHandler              
00000789  TA0_N_IRQHandler              
00000789  TA1_0_IRQHandler              
00000789  TA1_N_IRQHandler              
00000789  TA2_0_IRQHandler              
00000789  TA2_N_IRQHandler              
00000789  TA3_0_IRQHandler              
00000789  TA3_N_IRQHandler              
00000789  UsageFault_Handler            
00000789  WDT_A_IRQHandler              
000007b4  uartConfig                    
000007e8  __TI_Handler_Table_Base       
000007f4  __TI_Handler_Table_Limit      
00000808  __TI_CINIT_Base               
00000818  __TI_CINIT_Limit              
20000000  __start___llvm_prf_cnts       
20000000  __stop___llvm_prf_cnts        
20000000  rxBuffer                      
20000050  RXData                        
20000051  rxWriteIndex                  
20000052  writeData                     
2000fe00  __stack                       
20010000  __STACK_END                   
4000480c  WDTCTL_SYM                    
ffffffff  __TI_pprof_out_hndl           
ffffffff  __TI_prof_data_size           
ffffffff  __TI_prof_data_start          
ffffffff  __binit__                     
ffffffff  __c_args__                    
ffffffff  binit                         
UNDEFED   __mpu_init                    
UNDEFED   _system_post_cinit            

[98 symbols]
